$TYPE som
$GRID_TOPOLOGY planar
$GRID_LAYOUT rectangular
$XDIM 2
$YDIM 2
$ZDIM 1
$VEC_DIM 25
$STORAGE_DATE 3/20/26, 11:01 PM
$TRAINING_TIME 
$LEARNRATE_TYPE exponential
$LEARNRATE_INIT 0.7
$NEIGHBORHOOD_TYPE exponential
$NEIGHBORHOOD_INIT 1.0
$RAND_INIT 7
$ITERATIONS_TOTAL 20000
$NR_TRAINVEC_TOTAL 118409
$ADAPTIVE_COORDINATES_THRESHOLD 
$VEC_NORMALIZED true
$QUANTERROR_MAP 1174553.2347418624
$QUANTERROR_VEC 9.919459118325992
$URL_TRAINING_VEC /root/scghsom-ot/scGHSOM-Web-Server/./applications/CART_0320-0.5-0.5/GHSOM/./data/CART_0320_ghsom.in
$URL_TRAINING_VEC_DESCR 
$URL_WEIGHT_VEC /root/scghsom-ot/scGHSOM-Web-Server/./applications/CART_0320-0.5-0.5/GHSOM/./output/CART_0320-0.5-0.5/CART_0320.wgt
$URL_QUANTERR_MAP 
$URL_MAPPED_INPUT_VEC 
$URL_MAPPED_INPUT_VEC_DESCR 
$URL_UNIT_DESCR /root/scghsom-ot/scGHSOM-Web-Server/./applications/CART_0320-0.5-0.5/GHSOM/./output/CART_0320-0.5-0.5/CART_0320.unit
$URL_TEMPLATE_VECTOR null
$URL_DATA_WINNER_MAPPING /root/scghsom-ot/scGHSOM-Web-Server/./applications/CART_0320-0.5-0.5/GHSOM/./output/CART_0320-0.5-0.5/CART_0320.dwm
$URL_CLASS_INFO 
$URL_LABELS 
$METRIC at.tuwien.ifs.somtoolbox.layers.metrics.L2Metric
$LAYER_REVISION $Revision: 4300 $
$DESCRIPTION 
$AVAILABLE_VIS 
$DATA_TYPE unknown
$DATA_DIM 
